// Jest Snapshot v1, https://goo.gl/fbAQLP

exports[`AppComponent should match snapshot 1`] = `
<div
  id="root2"
>
  <app-header>
    <p>
      header works!
    </p>
  </app-header>
  <div
    class="container"
  >
    <div
      class="row"
    >
      <div
        class="col-md-12"
      >
        <app-recipes>
          <p>
            recipes works!
          </p>
        </app-recipes>
        <app-shopping-list>
          <p>
            shopping-list works!
          </p>
        </app-shopping-list>
      </div>
    </div>
  </div>
</div>
`;
